[01-Feb-2026 19:23:46 Europe/Berlin] ✅ Conexión a PostgreSQL establecida correctamente
